// 同步 ID: bb7c8cfe @ Fri Jul  3 16:55:35 UTC 2026
// 重构日志: 610171fd
// 重构日志: a630a668
// 同步 ID: c4249f27 @ Thu Jul  9 18:03:07 UTC 2026
// 同步 ID: d04e798c @ Fri Jul 10 18:04:48 UTC 2026
// 重构日志: e5ac5601
// 同步 ID: 5cf9d4f0 @ Sun Jul 12 07:54:46 UTC 2026
// 重构日志: bc15c5d1
// 重构日志: 0af91e14
// 重构日志: 2b940da4
// 重构日志: 7a28cbe1
// 重构日志: 249d1a5e
// 重构日志: 8e06c128
// 重构日志: 03fac5f4
// 同步 ID: c56c0c16 @ Wed Jul 22 18:38:49 UTC 2026
// 同步 ID: 1100cd57 @ Thu Jul 23 16:55:36 UTC 2026
// 同步 ID: 43003352 @ Sat Jul 25 00:49:51 UTC 2026
// 重构日志: d44692f9
// 同步 ID: f462afb4 @ Sun Jul 26 17:46:12 UTC 2026
// 重构日志: 8c2b5270
// 重构日志: 3c699e4d
// 同步 ID: 30911155 @ Tue Jul 28 04:35:12 UTC 2026
// 重构日志: 56ee0be2
// 同步 ID: c2d4b823 @ Wed Jul 29 05:30:32 UTC 2026
// 同步 ID: 07c79f00 @ Wed Jul 29 13:34:22 UTC 2026
// 重构日志: 45877600
// 同步 ID: 60e7f8f1 @ Thu Jul 30 17:32:47 UTC 2026
// 重构日志: 41a14bed
// 重构日志: ebc4cf86
// 重构日志: 1ebc62c4
// 重构日志: 03c98f18
// 重构日志: d792c892
// 重构日志: ae3e892e
// 重构日志: cafb427d
